
File size : 18241 bytes

File xh512: 5WgipKVr5XEAwawM-mpZFrAgo0dJVClzv3kktCBsma7+ehbXlJVNHFGrw3m7l-ys

Hash Time: 0.21299958229064941


File size : 18241 bytes

File xh512: 5WgipKVr5XEAwawM-mpZFrAgo0dJVClzv3kktCBsma7+ehbXlJVNHFGrw3m7l-ys

Hash Time: 0.21270346641540527


File size : 18241 bytes

File xh512: 5WgipKVr5XEAwawM-mpZFrAgo0dJVClzv3kktCBsma7+ehbXlJVNHFGrw3m7l-ys

Hash Time: 0.210432767868042


File size : 18241 bytes

File xh512: 5WgipKVr5XEAwawM-mpZFrAgo0dJVClzv3kktCBsma7+ehbXlJVNHFGrw3m7l-ys

Hash Time: 0.21058082580566406


File size : 18241 bytes

File xh512: 5WgipKVr5XEAwawM-mpZFrAgo0dJVClzv3kktCBsma7+ehbXlJVNHFGrw3m7l-ys

Hash Time: 0.21442031860351562


File size : 18229 bytes

File xh512: aRixOpU6YmK5urGNXNl6-M8Sd+y-Qs3Q8YdoDptFZe4fT1xrCP3SH-JB4wzOV9M1

Hash Time: 0.21243906021118164


File size : 18237 bytes

File xh512: hRkjiq7DcurYOlwenAHuOv8omYIchLhA65j9DIBcQO7-TR-ugBc16qOHidA6EYU6

Hash Time: 0.21026015281677246


File size : 18236 bytes

File xh512: pwnHOCdNWEKmJVI6Yi+rvlQ1bG2CL56YuNdg2f1bODKeaBezvI3ZT-iMfxhhkuTX

Hash Time: 0.21027588844299316


File size : 18236 bytes

File xh512: pwnHOCdNWEKmJVI6Yi+rvlQ1bG2CL56YuNdg2f1bODKeaBezvI3ZT-iMfxhhkuTX

Hash Time: 0.2121434211730957


File size : 18235 bytes

File xh512: N5-fbw20mC34cv3m6ph5+YLgJPb-ZcgmBkLxWEN6mllOKuAnxfgWQCGRXmlUHfiH

Hash Time: 0.2106609344482422


File size : 18235 bytes

File xh512: Y0CAZFtjx+CM+TV8WFAwTGY+GPwr4alxRcT4wUcQc7PmB7nlI1+knJft7vFkx5A2

Hash Time: 0.2139289379119873

